// Jest Snapshot v1, https://goo.gl/fbAQLP

exports[`TabBar matches the snapshot with Library active 1`] = `
<View
  style={
    {
      "backgroundColor": "#141619",
      "flexDirection": "row",
    }
  }
>
  <View
    accessibilityLabel="Today"
    accessibilityRole="button"
    accessibilityState={
      {
        "busy": undefined,
        "checked": undefined,
        "disabled": undefined,
        "expanded": undefined,
        "selected": false,
      }
    }
    accessibilityValue={
      {
        "max": undefined,
        "min": undefined,
        "now": undefined,
        "text": undefined,
      }
    }
    accessible={true}
    collapsable={false}
    focusable={true}
    onBlur={[Function]}
    onClick={[Function]}
    onFocus={[Function]}
    onResponderGrant={[Function]}
    onResponderMove={[Function]}
    onResponderRelease={[Function]}
    onResponderTerminate={[Function]}
    onResponderTerminationRequest={[Function]}
    onStartShouldSetResponder={[Function]}
    style={
      [
        {
          "alignItems": "center",
          "flex": 1,
          "gap": 8,
          "justifyContent": "center",
          "paddingVertical": 12,
        },
        false,
      ]
    }
  >
    <RNSVGSvgView
      align="xMidYMid"
      bbHeight={24}
      bbWidth={24}
      focusable={false}
      height={24}
      meetOrSlice={0}
      minX={0}
      minY={0}
      style={
        [
          {
            "backgroundColor": "transparent",
            "borderWidth": 0,
          },
          {
            "flex": 0,
            "height": 24,
            "width": 24,
          },
        ]
      }
      vbHeight={24}
      vbWidth={24}
      width={24}
    >
      <RNSVGGroup
        fill={
          {
            "payload": 4278190080,
            "type": 0,
          }
        }
      >
        <RNSVGGroup
          fill={null}
          propList={
            [
              "fill",
              "stroke",
              "strokeWidth",
            ]
          }
          stroke={
            {
              "payload": 4285231222,
              "type": 0,
            }
          }
          strokeWidth={1.8}
        >
          <RNSVGRect
            fill={
              {
                "payload": 4278190080,
                "type": 0,
              }
            }
            height={15}
            rx={2.5}
            width={16}
            x={4}
            y={5}
          />
          <RNSVGPath
            d="M4 10h16M9 3v4M15 3v4"
            fill={
              {
                "payload": 4278190080,
                "type": 0,
              }
            }
          />
        </RNSVGGroup>
      </RNSVGGroup>
    </RNSVGSvgView>
    <Text
      style={
        {
          "color": "#6B7076",
          "fontSize": 12,
          "fontWeight": "400",
        }
      }
    >
      Today
    </Text>
  </View>
  <View
    accessibilityLabel="Mesocycles"
    accessibilityRole="button"
    accessibilityState={
      {
        "busy": undefined,
        "checked": undefined,
        "disabled": undefined,
        "expanded": undefined,
        "selected": false,
      }
    }
    accessibilityValue={
      {
        "max": undefined,
        "min": undefined,
        "now": undefined,
        "text": undefined,
      }
    }
    accessible={true}
    collapsable={false}
    focusable={true}
    onBlur={[Function]}
    onClick={[Function]}
    onFocus={[Function]}
    onResponderGrant={[Function]}
    onResponderMove={[Function]}
    onResponderRelease={[Function]}
    onResponderTerminate={[Function]}
    onResponderTerminationRequest={[Function]}
    onStartShouldSetResponder={[Function]}
    style={
      [
        {
          "alignItems": "center",
          "flex": 1,
          "gap": 8,
          "justifyContent": "center",
          "paddingVertical": 12,
        },
        false,
      ]
    }
  >
    <RNSVGSvgView
      align="xMidYMid"
      bbHeight={24}
      bbWidth={24}
      focusable={false}
      height={24}
      meetOrSlice={0}
      minX={0}
      minY={0}
      style={
        [
          {
            "backgroundColor": "transparent",
            "borderWidth": 0,
          },
          {
            "flex": 0,
            "height": 24,
            "width": 24,
          },
        ]
      }
      vbHeight={24}
      vbWidth={24}
      width={24}
    >
      <RNSVGGroup
        fill={
          {
            "payload": 4278190080,
            "type": 0,
          }
        }
      >
        <RNSVGGroup
          fill={null}
          propList={
            [
              "fill",
              "stroke",
              "strokeWidth",
            ]
          }
          stroke={
            {
              "payload": 4285231222,
              "type": 0,
            }
          }
          strokeWidth={1.8}
        >
          <RNSVGPath
            d="M4 7a2 2 0 0 1 2-2h4l2 2h6a2 2 0 0 1 2 2v8a2 2 0 0 1-2 2H6a2 2 0 0 1-2-2z"
            fill={
              {
                "payload": 4278190080,
                "type": 0,
              }
            }
          />
        </RNSVGGroup>
      </RNSVGGroup>
    </RNSVGSvgView>
    <Text
      style={
        {
          "color": "#6B7076",
          "fontSize": 12,
          "fontWeight": "400",
        }
      }
    >
      Mesocycles
    </Text>
  </View>
  <View
    accessibilityLabel="Library"
    accessibilityRole="button"
    accessibilityState={
      {
        "busy": undefined,
        "checked": undefined,
        "disabled": undefined,
        "expanded": undefined,
        "selected": true,
      }
    }
    accessibilityValue={
      {
        "max": undefined,
        "min": undefined,
        "now": undefined,
        "text": undefined,
      }
    }
    accessible={true}
    collapsable={false}
    focusable={true}
    onBlur={[Function]}
    onClick={[Function]}
    onFocus={[Function]}
    onResponderGrant={[Function]}
    onResponderMove={[Function]}
    onResponderRelease={[Function]}
    onResponderTerminate={[Function]}
    onResponderTerminationRequest={[Function]}
    onStartShouldSetResponder={[Function]}
    style={
      [
        {
          "alignItems": "center",
          "flex": 1,
          "gap": 8,
          "justifyContent": "center",
          "paddingVertical": 12,
        },
        false,
      ]
    }
  >
    <RNSVGSvgView
      align="xMidYMid"
      bbHeight={24}
      bbWidth={24}
      focusable={false}
      height={24}
      meetOrSlice={0}
      minX={0}
      minY={0}
      style={
        [
          {
            "backgroundColor": "transparent",
            "borderWidth": 0,
          },
          {
            "flex": 0,
            "height": 24,
            "width": 24,
          },
        ]
      }
      vbHeight={24}
      vbWidth={24}
      width={24}
    >
      <RNSVGGroup
        fill={
          {
            "payload": 4278190080,
            "type": 0,
          }
        }
      >
        <RNSVGGroup
          fill={null}
          propList={
            [
              "fill",
              "stroke",
              "strokeWidth",
            ]
          }
          stroke={
            {
              "payload": 4291690327,
              "type": 0,
            }
          }
          strokeWidth={1.8}
        >
          <RNSVGPath
            d="M3 12h2M19 12h2M7 8v8M17 8v8M5 10v4M19 10v4M7 12h10"
            fill={
              {
                "payload": 4278190080,
                "type": 0,
              }
            }
            propList={
              [
                "strokeLinecap",
              ]
            }
            strokeLinecap={1}
          />
        </RNSVGGroup>
      </RNSVGGroup>
    </RNSVGSvgView>
    <Text
      style={
        {
          "color": "#CDFF57",
          "fontSize": 12,
          "fontWeight": "400",
        }
      }
    >
      Library
    </Text>
  </View>
</View>
`;

exports[`TabBar matches the snapshot with Today active 1`] = `
<View
  style={
    {
      "backgroundColor": "#141619",
      "flexDirection": "row",
    }
  }
>
  <View
    accessibilityLabel="Today"
    accessibilityRole="button"
    accessibilityState={
      {
        "busy": undefined,
        "checked": undefined,
        "disabled": undefined,
        "expanded": undefined,
        "selected": true,
      }
    }
    accessibilityValue={
      {
        "max": undefined,
        "min": undefined,
        "now": undefined,
        "text": undefined,
      }
    }
    accessible={true}
    collapsable={false}
    focusable={true}
    onBlur={[Function]}
    onClick={[Function]}
    onFocus={[Function]}
    onResponderGrant={[Function]}
    onResponderMove={[Function]}
    onResponderRelease={[Function]}
    onResponderTerminate={[Function]}
    onResponderTerminationRequest={[Function]}
    onStartShouldSetResponder={[Function]}
    style={
      [
        {
          "alignItems": "center",
          "flex": 1,
          "gap": 8,
          "justifyContent": "center",
          "paddingVertical": 12,
        },
        false,
      ]
    }
  >
    <RNSVGSvgView
      align="xMidYMid"
      bbHeight={24}
      bbWidth={24}
      focusable={false}
      height={24}
      meetOrSlice={0}
      minX={0}
      minY={0}
      style={
        [
          {
            "backgroundColor": "transparent",
            "borderWidth": 0,
          },
          {
            "flex": 0,
            "height": 24,
            "width": 24,
          },
        ]
      }
      vbHeight={24}
      vbWidth={24}
      width={24}
    >
      <RNSVGGroup
        fill={
          {
            "payload": 4278190080,
            "type": 0,
          }
        }
      >
        <RNSVGGroup
          fill={null}
          propList={
            [
              "fill",
              "stroke",
              "strokeWidth",
            ]
          }
          stroke={
            {
              "payload": 4291690327,
              "type": 0,
            }
          }
          strokeWidth={1.8}
        >
          <RNSVGRect
            fill={
              {
                "payload": 4278190080,
                "type": 0,
              }
            }
            height={15}
            rx={2.5}
            width={16}
            x={4}
            y={5}
          />
          <RNSVGPath
            d="M4 10h16M9 3v4M15 3v4"
            fill={
              {
                "payload": 4278190080,
                "type": 0,
              }
            }
          />
        </RNSVGGroup>
      </RNSVGGroup>
    </RNSVGSvgView>
    <Text
      style={
        {
          "color": "#CDFF57",
          "fontSize": 12,
          "fontWeight": "400",
        }
      }
    >
      Today
    </Text>
  </View>
  <View
    accessibilityLabel="Mesocycles"
    accessibilityRole="button"
    accessibilityState={
      {
        "busy": undefined,
        "checked": undefined,
        "disabled": undefined,
        "expanded": undefined,
        "selected": false,
      }
    }
    accessibilityValue={
      {
        "max": undefined,
        "min": undefined,
        "now": undefined,
        "text": undefined,
      }
    }
    accessible={true}
    collapsable={false}
    focusable={true}
    onBlur={[Function]}
    onClick={[Function]}
    onFocus={[Function]}
    onResponderGrant={[Function]}
    onResponderMove={[Function]}
    onResponderRelease={[Function]}
    onResponderTerminate={[Function]}
    onResponderTerminationRequest={[Function]}
    onStartShouldSetResponder={[Function]}
    style={
      [
        {
          "alignItems": "center",
          "flex": 1,
          "gap": 8,
          "justifyContent": "center",
          "paddingVertical": 12,
        },
        false,
      ]
    }
  >
    <RNSVGSvgView
      align="xMidYMid"
      bbHeight={24}
      bbWidth={24}
      focusable={false}
      height={24}
      meetOrSlice={0}
      minX={0}
      minY={0}
      style={
        [
          {
            "backgroundColor": "transparent",
            "borderWidth": 0,
          },
          {
            "flex": 0,
            "height": 24,
            "width": 24,
          },
        ]
      }
      vbHeight={24}
      vbWidth={24}
      width={24}
    >
      <RNSVGGroup
        fill={
          {
            "payload": 4278190080,
            "type": 0,
          }
        }
      >
        <RNSVGGroup
          fill={null}
          propList={
            [
              "fill",
              "stroke",
              "strokeWidth",
            ]
          }
          stroke={
            {
              "payload": 4285231222,
              "type": 0,
            }
          }
          strokeWidth={1.8}
        >
          <RNSVGPath
            d="M4 7a2 2 0 0 1 2-2h4l2 2h6a2 2 0 0 1 2 2v8a2 2 0 0 1-2 2H6a2 2 0 0 1-2-2z"
            fill={
              {
                "payload": 4278190080,
                "type": 0,
              }
            }
          />
        </RNSVGGroup>
      </RNSVGGroup>
    </RNSVGSvgView>
    <Text
      style={
        {
          "color": "#6B7076",
          "fontSize": 12,
          "fontWeight": "400",
        }
      }
    >
      Mesocycles
    </Text>
  </View>
  <View
    accessibilityLabel="Library"
    accessibilityRole="button"
    accessibilityState={
      {
        "busy": undefined,
        "checked": undefined,
        "disabled": undefined,
        "expanded": undefined,
        "selected": false,
      }
    }
    accessibilityValue={
      {
        "max": undefined,
        "min": undefined,
        "now": undefined,
        "text": undefined,
      }
    }
    accessible={true}
    collapsable={false}
    focusable={true}
    onBlur={[Function]}
    onClick={[Function]}
    onFocus={[Function]}
    onResponderGrant={[Function]}
    onResponderMove={[Function]}
    onResponderRelease={[Function]}
    onResponderTerminate={[Function]}
    onResponderTerminationRequest={[Function]}
    onStartShouldSetResponder={[Function]}
    style={
      [
        {
          "alignItems": "center",
          "flex": 1,
          "gap": 8,
          "justifyContent": "center",
          "paddingVertical": 12,
        },
        false,
      ]
    }
  >
    <RNSVGSvgView
      align="xMidYMid"
      bbHeight={24}
      bbWidth={24}
      focusable={false}
      height={24}
      meetOrSlice={0}
      minX={0}
      minY={0}
      style={
        [
          {
            "backgroundColor": "transparent",
            "borderWidth": 0,
          },
          {
            "flex": 0,
            "height": 24,
            "width": 24,
          },
        ]
      }
      vbHeight={24}
      vbWidth={24}
      width={24}
    >
      <RNSVGGroup
        fill={
          {
            "payload": 4278190080,
            "type": 0,
          }
        }
      >
        <RNSVGGroup
          fill={null}
          propList={
            [
              "fill",
              "stroke",
              "strokeWidth",
            ]
          }
          stroke={
            {
              "payload": 4285231222,
              "type": 0,
            }
          }
          strokeWidth={1.8}
        >
          <RNSVGPath
            d="M3 12h2M19 12h2M7 8v8M17 8v8M5 10v4M19 10v4M7 12h10"
            fill={
              {
                "payload": 4278190080,
                "type": 0,
              }
            }
            propList={
              [
                "strokeLinecap",
              ]
            }
            strokeLinecap={1}
          />
        </RNSVGGroup>
      </RNSVGGroup>
    </RNSVGSvgView>
    <Text
      style={
        {
          "color": "#6B7076",
          "fontSize": 12,
          "fontWeight": "400",
        }
      }
    >
      Library
    </Text>
  </View>
</View>
`;
