// Jest Snapshot v1, https://goo.gl/fbAQLP

exports[`MesoEditorReviewStep matches the step 3 content snapshot 1`] = `
<RCTScrollView
  bounces={false}
  contentContainerStyle={
    {
      "gap": 24,
      "paddingBottom": 24,
      "paddingHorizontal": 16,
      "paddingTop": 4,
    }
  }
  showsVerticalScrollIndicator={false}
>
  <View>
    <View
      style={
        {
          "backgroundColor": "#1A1C1F",
          "borderColor": "#2A2D31",
          "borderRadius": 12,
          "borderWidth": 1,
          "paddingHorizontal": 20,
          "paddingVertical": 12,
        }
      }
    >
      <Text
        style={
          {
            "color": "#F5F5F4",
            "fontSize": 22,
            "fontWeight": "500",
          }
        }
      >
        Push/Legs
      </Text>
      <Text
        style={
          {
            "color": "#8A9099",
            "fontSize": 15,
            "fontWeight": "400",
            "marginTop": 4,
          }
        }
      >
        6 weeks · 2 days per week
      </Text>
    </View>
    <Text
      style={
        {
          "color": "#8A9099",
          "fontSize": 13,
          "fontWeight": "400",
          "letterSpacing": 0.5,
          "marginBottom": -10,
          "textTransform": "uppercase",
        }
      }
    >
      Week 1
    </Text>
    <View
      style={
        {
          "backgroundColor": "#1A1C1F",
          "borderColor": "#2A2D31",
          "borderRadius": 12,
          "borderWidth": 1,
          "paddingHorizontal": 20,
          "paddingVertical": 12,
        }
      }
    >
      <View
        accessibilityLabel="Edit Day 1"
        accessibilityRole="button"
        accessibilityState={
          {
            "busy": undefined,
            "checked": undefined,
            "disabled": undefined,
            "expanded": undefined,
            "selected": undefined,
          }
        }
        accessibilityValue={
          {
            "max": undefined,
            "min": undefined,
            "now": undefined,
            "text": undefined,
          }
        }
        accessible={true}
        collapsable={false}
        focusable={true}
        onBlur={[Function]}
        onClick={[Function]}
        onFocus={[Function]}
        onResponderGrant={[Function]}
        onResponderMove={[Function]}
        onResponderRelease={[Function]}
        onResponderTerminate={[Function]}
        onResponderTerminationRequest={[Function]}
        onStartShouldSetResponder={[Function]}
        style={
          {
            "alignItems": "center",
            "flexDirection": "row",
            "justifyContent": "space-between",
            "paddingVertical": 10,
          }
        }
      >
        <Text
          style={
            {
              "color": "#F5F5F4",
              "fontSize": 20,
              "fontWeight": "400",
            }
          }
        >
          Day 1
        </Text>
        <Text
          style={
            {
              "color": "#6B7076",
              "fontSize": 22,
            }
          }
        >
          ›
        </Text>
      </View>
      <View
        style={
          {
            "alignItems": "center",
            "borderTopColor": "#1E2125",
            "borderTopWidth": 1,
            "flexDirection": "row",
            "gap": 10,
            "paddingVertical": 10,
          }
        }
      >
        <View
          style={
            [
              {
                "borderRadius": 5,
                "height": 10,
                "width": 10,
              },
              {
                "backgroundColor": "#F0A537",
              },
            ]
          }
        />
        <Text
          numberOfLines={1}
          style={
            {
              "color": "#F5F5F4",
              "flex": 1,
              "fontSize": 17,
              "fontWeight": "400",
            }
          }
        >
          Bench Press
        </Text>
        <Text
          style={
            {
              "color": "#8A9099",
              "fontSize": 17,
              "fontWeight": "400",
            }
          }
        >
          3 sets
        </Text>
      </View>
    </View>
    <View
      style={
        {
          "backgroundColor": "#1A1C1F",
          "borderColor": "#2A2D31",
          "borderRadius": 12,
          "borderWidth": 1,
          "paddingHorizontal": 20,
          "paddingVertical": 12,
        }
      }
    >
      <View
        accessibilityLabel="Edit Day 2"
        accessibilityRole="button"
        accessibilityState={
          {
            "busy": undefined,
            "checked": undefined,
            "disabled": undefined,
            "expanded": undefined,
            "selected": undefined,
          }
        }
        accessibilityValue={
          {
            "max": undefined,
            "min": undefined,
            "now": undefined,
            "text": undefined,
          }
        }
        accessible={true}
        collapsable={false}
        focusable={true}
        onBlur={[Function]}
        onClick={[Function]}
        onFocus={[Function]}
        onResponderGrant={[Function]}
        onResponderMove={[Function]}
        onResponderRelease={[Function]}
        onResponderTerminate={[Function]}
        onResponderTerminationRequest={[Function]}
        onStartShouldSetResponder={[Function]}
        style={
          {
            "alignItems": "center",
            "flexDirection": "row",
            "justifyContent": "space-between",
            "paddingVertical": 10,
          }
        }
      >
        <Text
          style={
            {
              "color": "#F5F5F4",
              "fontSize": 20,
              "fontWeight": "400",
            }
          }
        >
          Day 2
        </Text>
        <Text
          style={
            {
              "color": "#6B7076",
              "fontSize": 22,
            }
          }
        >
          ›
        </Text>
      </View>
      <View
        style={
          {
            "alignItems": "center",
            "borderTopColor": "#1E2125",
            "borderTopWidth": 1,
            "flexDirection": "row",
            "gap": 10,
            "paddingVertical": 10,
          }
        }
      >
        <View
          style={
            [
              {
                "borderRadius": 5,
                "height": 10,
                "width": 10,
              },
              {
                "backgroundColor": "#35C2A0",
              },
            ]
          }
        />
        <Text
          numberOfLines={1}
          style={
            {
              "color": "#F5F5F4",
              "flex": 1,
              "fontSize": 17,
              "fontWeight": "400",
            }
          }
        >
          Squat
        </Text>
        <Text
          style={
            {
              "color": "#8A9099",
              "fontSize": 17,
              "fontWeight": "400",
            }
          }
        >
          1 set
        </Text>
      </View>
    </View>
  </View>
</RCTScrollView>
`;
