// Jest Snapshot v1, https://goo.gl/fbAQLP

exports[`MesoEditorBasicsScreen matches the step 1 snapshot 1`] = `
<RNCSafeAreaProvider
  onInsetsChange={[Function]}
  style={
    [
      {
        "flex": 1,
      },
      undefined,
    ]
  }
>
  <RNCSafeAreaProvider
    onInsetsChange={[Function]}
    style={
      [
        {
          "flex": 1,
        },
        undefined,
      ]
    }
  >
    <RNCSafeAreaView
      edges={
        {
          "bottom": "additive",
          "left": "off",
          "right": "off",
          "top": "additive",
        }
      }
      style={
        {
          "backgroundColor": "#0E0F11",
          "flex": 1,
        }
      }
    >
      <View
        style={
          {
            "alignItems": "center",
            "flexDirection": "row",
            "justifyContent": "space-between",
            "paddingBottom": 6,
            "paddingHorizontal": 14,
            "paddingTop": 18,
          }
        }
      >
        <View
          accessibilityLabel="Close"
          accessibilityRole="button"
          accessibilityState={
            {
              "busy": undefined,
              "checked": undefined,
              "disabled": false,
              "expanded": undefined,
              "selected": undefined,
            }
          }
          accessibilityValue={
            {
              "max": undefined,
              "min": undefined,
              "now": undefined,
              "text": undefined,
            }
          }
          accessible={true}
          collapsable={false}
          focusable={true}
          onBlur={[Function]}
          onClick={[Function]}
          onFocus={[Function]}
          onResponderGrant={[Function]}
          onResponderMove={[Function]}
          onResponderRelease={[Function]}
          onResponderTerminate={[Function]}
          onResponderTerminationRequest={[Function]}
          onStartShouldSetResponder={[Function]}
          style={
            [
              {
                "alignItems": "center",
                "borderRadius": 15,
                "height": 30,
                "justifyContent": "center",
                "width": 30,
              },
              {
                "backgroundColor": "#1A1C1F",
              },
              false,
              false,
            ]
          }
        >
          <Text
            style={
              {
                "color": "#C9CDD2",
                "fontSize": 16,
              }
            }
          >
            ✕
          </Text>
        </View>
        <Text
          style={
            {
              "color": "#6B7076",
              "fontSize": 10,
            }
          }
        >
          Step 1 of 3
        </Text>
      </View>
      <Text
        style={
          {
            "color": "#F5F5F4",
            "fontSize": 19,
            "fontWeight": "500",
            "paddingBottom": 6,
            "paddingHorizontal": 14,
          }
        }
      >
        New mesocycle
      </Text>
      <View
        style={
          {
            "flexDirection": "row",
            "gap": 4,
            "paddingBottom": 14,
            "paddingHorizontal": 14,
          }
        }
      >
        <View
          style={
            [
              {
                "backgroundColor": "#232629",
                "borderRadius": 2,
                "flex": 1,
                "height": 3,
              },
              {
                "backgroundColor": "#CDFF57",
              },
            ]
          }
        />
        <View
          style={
            [
              {
                "backgroundColor": "#232629",
                "borderRadius": 2,
                "flex": 1,
                "height": 3,
              },
              false,
            ]
          }
        />
        <View
          style={
            [
              {
                "backgroundColor": "#232629",
                "borderRadius": 2,
                "flex": 1,
                "height": 3,
              },
              false,
            ]
          }
        />
      </View>
      <View
        style={
          {
            "flex": 1,
            "paddingHorizontal": 14,
          }
        }
      >
        <View
          style={
            {
              "marginBottom": 18,
            }
          }
        >
          <View>
            <Text
              style={
                {
                  "color": "#8A9099",
                  "fontSize": 11,
                  "fontWeight": "400",
                  "letterSpacing": 0.04,
                  "marginBottom": 6,
                  "textTransform": "uppercase",
                }
              }
            >
              Name
            </Text>
            <TextInput
              accessibilityLabel="Name"
              onChangeText={[MockFunction]}
              placeholder="e.g. Upper/Lower — Block 6"
              placeholderTextColor="#6B7076"
              style={
                [
                  {
                    "backgroundColor": "#1A1C1F",
                    "borderColor": "#2A2D31",
                    "borderRadius": 9,
                    "borderWidth": 1,
                    "paddingHorizontal": 7,
                    "paddingVertical": 10,
                  },
                  false,
                  {
                    "color": "#F5F5F4",
                    "fontSize": 13,
                    "fontWeight": "400",
                  },
                ]
              }
              value="Upper/Lower — Block 6"
            />
          </View>
        </View>
        <View
          style={
            {
              "marginBottom": 18,
            }
          }
        >
          <View>
            <Text
              style={
                {
                  "color": "#8A9099",
                  "fontSize": 11,
                  "fontWeight": "400",
                  "letterSpacing": 0.04,
                  "marginBottom": 6,
                  "textTransform": "uppercase",
                }
              }
            >
              Mesocycle length
            </Text>
            <View
              style={
                {
                  "alignItems": "center",
                  "flexDirection": "row",
                  "gap": 6,
                }
              }
            >
              <View
                accessibilityLabel="Decrease Mesocycle length"
                accessibilityRole="button"
                accessibilityState={
                  {
                    "busy": undefined,
                    "checked": undefined,
                    "disabled": false,
                    "expanded": undefined,
                    "selected": undefined,
                  }
                }
                accessibilityValue={
                  {
                    "max": undefined,
                    "min": undefined,
                    "now": undefined,
                    "text": undefined,
                  }
                }
                accessible={true}
                collapsable={false}
                focusable={true}
                onBlur={[Function]}
                onClick={[Function]}
                onFocus={[Function]}
                onResponderGrant={[Function]}
                onResponderMove={[Function]}
                onResponderRelease={[Function]}
                onResponderTerminate={[Function]}
                onResponderTerminationRequest={[Function]}
                onStartShouldSetResponder={[Function]}
                style={
                  [
                    {
                      "alignItems": "center",
                      "backgroundColor": "#1A1C1F",
                      "borderRadius": 15,
                      "height": 30,
                      "justifyContent": "center",
                      "width": 30,
                    },
                    false,
                    false,
                  ]
                }
              >
                <Text
                  style={
                    [
                      {
                        "color": "#F5F5F4",
                        "fontSize": 14,
                        "fontWeight": "400",
                      },
                      false,
                    ]
                  }
                >
                  −
                </Text>
              </View>
              <Text
                style={
                  {
                    "color": "#F5F5F4",
                    "fontSize": 15,
                    "fontWeight": "400",
                    "minWidth": 24,
                    "textAlign": "center",
                  }
                }
              >
                6
              </Text>
              <View
                accessibilityLabel="Increase Mesocycle length"
                accessibilityRole="button"
                accessibilityState={
                  {
                    "busy": undefined,
                    "checked": undefined,
                    "disabled": false,
                    "expanded": undefined,
                    "selected": undefined,
                  }
                }
                accessibilityValue={
                  {
                    "max": undefined,
                    "min": undefined,
                    "now": undefined,
                    "text": undefined,
                  }
                }
                accessible={true}
                collapsable={false}
                focusable={true}
                onBlur={[Function]}
                onClick={[Function]}
                onFocus={[Function]}
                onResponderGrant={[Function]}
                onResponderMove={[Function]}
                onResponderRelease={[Function]}
                onResponderTerminate={[Function]}
                onResponderTerminationRequest={[Function]}
                onStartShouldSetResponder={[Function]}
                style={
                  [
                    {
                      "alignItems": "center",
                      "backgroundColor": "#1A1C1F",
                      "borderRadius": 15,
                      "height": 30,
                      "justifyContent": "center",
                      "width": 30,
                    },
                    false,
                    false,
                  ]
                }
              >
                <Text
                  style={
                    [
                      {
                        "color": "#F5F5F4",
                        "fontSize": 14,
                        "fontWeight": "400",
                      },
                      false,
                    ]
                  }
                >
                  +
                </Text>
              </View>
            </View>
          </View>
          <Text
            style={
              {
                "color": "#6B7076",
                "fontSize": 10,
                "marginTop": 6,
              }
            }
          >
            Includes a deload week
          </Text>
        </View>
        <View
          style={
            {
              "marginBottom": 18,
            }
          }
        >
          <View>
            <Text
              style={
                {
                  "color": "#8A9099",
                  "fontSize": 11,
                  "fontWeight": "400",
                  "letterSpacing": 0.04,
                  "marginBottom": 6,
                  "textTransform": "uppercase",
                }
              }
            >
              Days per week
            </Text>
            <View
              style={
                {
                  "alignItems": "center",
                  "flexDirection": "row",
                  "gap": 6,
                }
              }
            >
              <View
                accessibilityLabel="Decrease Days per week"
                accessibilityRole="button"
                accessibilityState={
                  {
                    "busy": undefined,
                    "checked": undefined,
                    "disabled": false,
                    "expanded": undefined,
                    "selected": undefined,
                  }
                }
                accessibilityValue={
                  {
                    "max": undefined,
                    "min": undefined,
                    "now": undefined,
                    "text": undefined,
                  }
                }
                accessible={true}
                collapsable={false}
                focusable={true}
                onBlur={[Function]}
                onClick={[Function]}
                onFocus={[Function]}
                onResponderGrant={[Function]}
                onResponderMove={[Function]}
                onResponderRelease={[Function]}
                onResponderTerminate={[Function]}
                onResponderTerminationRequest={[Function]}
                onStartShouldSetResponder={[Function]}
                style={
                  [
                    {
                      "alignItems": "center",
                      "backgroundColor": "#1A1C1F",
                      "borderRadius": 15,
                      "height": 30,
                      "justifyContent": "center",
                      "width": 30,
                    },
                    false,
                    false,
                  ]
                }
              >
                <Text
                  style={
                    [
                      {
                        "color": "#F5F5F4",
                        "fontSize": 14,
                        "fontWeight": "400",
                      },
                      false,
                    ]
                  }
                >
                  −
                </Text>
              </View>
              <Text
                style={
                  {
                    "color": "#F5F5F4",
                    "fontSize": 15,
                    "fontWeight": "400",
                    "minWidth": 24,
                    "textAlign": "center",
                  }
                }
              >
                4
              </Text>
              <View
                accessibilityLabel="Increase Days per week"
                accessibilityRole="button"
                accessibilityState={
                  {
                    "busy": undefined,
                    "checked": undefined,
                    "disabled": false,
                    "expanded": undefined,
                    "selected": undefined,
                  }
                }
                accessibilityValue={
                  {
                    "max": undefined,
                    "min": undefined,
                    "now": undefined,
                    "text": undefined,
                  }
                }
                accessible={true}
                collapsable={false}
                focusable={true}
                onBlur={[Function]}
                onClick={[Function]}
                onFocus={[Function]}
                onResponderGrant={[Function]}
                onResponderMove={[Function]}
                onResponderRelease={[Function]}
                onResponderTerminate={[Function]}
                onResponderTerminationRequest={[Function]}
                onStartShouldSetResponder={[Function]}
                style={
                  [
                    {
                      "alignItems": "center",
                      "backgroundColor": "#1A1C1F",
                      "borderRadius": 15,
                      "height": 30,
                      "justifyContent": "center",
                      "width": 30,
                    },
                    false,
                    false,
                  ]
                }
              >
                <Text
                  style={
                    [
                      {
                        "color": "#F5F5F4",
                        "fontSize": 14,
                        "fontWeight": "400",
                      },
                      false,
                    ]
                  }
                >
                  +
                </Text>
              </View>
            </View>
          </View>
          <Text
            style={
              {
                "color": "#6B7076",
                "fontSize": 10,
                "marginTop": 6,
              }
            }
          >
            You'll pick exercises for each next
          </Text>
        </View>
      </View>
      <View
        style={
          {
            "borderTopColor": "#1E2125",
            "borderTopWidth": 1,
            "paddingBottom": 18,
            "paddingHorizontal": 14,
            "paddingTop": 7,
          }
        }
      >
        <View
          accessibilityRole="button"
          accessibilityState={
            {
              "busy": undefined,
              "checked": undefined,
              "disabled": false,
              "expanded": undefined,
              "selected": undefined,
            }
          }
          accessibilityValue={
            {
              "max": undefined,
              "min": undefined,
              "now": undefined,
              "text": undefined,
            }
          }
          accessible={true}
          collapsable={false}
          focusable={true}
          onBlur={[Function]}
          onClick={[Function]}
          onFocus={[Function]}
          onResponderGrant={[Function]}
          onResponderMove={[Function]}
          onResponderRelease={[Function]}
          onResponderTerminate={[Function]}
          onResponderTerminationRequest={[Function]}
          onStartShouldSetResponder={[Function]}
          style={
            [
              {
                "alignItems": "center",
                "borderRadius": 10,
                "justifyContent": "center",
                "paddingHorizontal": 18,
                "paddingVertical": 7,
              },
              {
                "backgroundColor": "#CDFF57",
              },
              false,
              false,
            ]
          }
        >
          <Text
            style={
              [
                {
                  "fontSize": 13,
                  "fontWeight": "400",
                },
                {
                  "color": "#232B0A",
                },
              ]
            }
          >
            Continue
          </Text>
        </View>
      </View>
    </RNCSafeAreaView>
  </RNCSafeAreaProvider>
</RNCSafeAreaProvider>
`;
