// Jest Snapshot v1, https://goo.gl/fbAQLP

exports[`MesoEditorDaysStep matches the step 2 content snapshot 1`] = `
[
  <RCTScrollView
    contentContainerStyle={
      {
        "flexDirection": "row",
        "gap": 8,
        "paddingBottom": 24,
        "paddingHorizontal": 16,
      }
    }
    horizontal={true}
    showsHorizontalScrollIndicator={false}
    style={
      {
        "flexGrow": 0,
      }
    }
  >
    <View>
      <View
        accessibilityLabel="Day 1"
        accessibilityRole="button"
        accessibilityState={
          {
            "busy": undefined,
            "checked": undefined,
            "disabled": undefined,
            "expanded": undefined,
            "selected": true,
          }
        }
        accessibilityValue={
          {
            "max": undefined,
            "min": undefined,
            "now": undefined,
            "text": undefined,
          }
        }
        accessible={true}
        collapsable={false}
        focusable={true}
        onBlur={[Function]}
        onClick={[Function]}
        onFocus={[Function]}
        onResponderGrant={[Function]}
        onResponderMove={[Function]}
        onResponderRelease={[Function]}
        onResponderTerminate={[Function]}
        onResponderTerminationRequest={[Function]}
        onStartShouldSetResponder={[Function]}
        style={
          [
            {
              "backgroundColor": "#1A1C1F",
              "borderColor": "#2A2D31",
              "borderRadius": 20,
              "borderWidth": 1,
              "justifyContent": "center",
              "minHeight": 44,
              "paddingHorizontal": 18,
              "paddingVertical": 10,
            },
            {
              "backgroundColor": "#232B0A",
              "borderColor": "#4A5A20",
            },
          ]
        }
      >
        <Text
          style={
            [
              {
                "color": "#C9CDD2",
                "fontSize": 17,
                "fontWeight": "400",
              },
              {
                "color": "#CDFF57",
              },
            ]
          }
        >
          Day 1
        </Text>
      </View>
      <View
        accessibilityLabel="Day 2"
        accessibilityRole="button"
        accessibilityState={
          {
            "busy": undefined,
            "checked": undefined,
            "disabled": undefined,
            "expanded": undefined,
            "selected": false,
          }
        }
        accessibilityValue={
          {
            "max": undefined,
            "min": undefined,
            "now": undefined,
            "text": undefined,
          }
        }
        accessible={true}
        collapsable={false}
        focusable={true}
        onBlur={[Function]}
        onClick={[Function]}
        onFocus={[Function]}
        onResponderGrant={[Function]}
        onResponderMove={[Function]}
        onResponderRelease={[Function]}
        onResponderTerminate={[Function]}
        onResponderTerminationRequest={[Function]}
        onStartShouldSetResponder={[Function]}
        style={
          [
            {
              "backgroundColor": "#1A1C1F",
              "borderColor": "#2A2D31",
              "borderRadius": 20,
              "borderWidth": 1,
              "justifyContent": "center",
              "minHeight": 44,
              "paddingHorizontal": 18,
              "paddingVertical": 10,
            },
            false,
          ]
        }
      >
        <Text
          style={
            [
              {
                "color": "#C9CDD2",
                "fontSize": 17,
                "fontWeight": "400",
              },
              false,
            ]
          }
        >
          Day 2
        </Text>
      </View>
    </View>
  </RCTScrollView>,
  <RCTScrollView
    bounces={false}
    style={
      {
        "flex": 1,
        "paddingHorizontal": 16,
        "paddingTop": 4,
      }
    }
  >
    <View>
      <View
        style={
          {
            "alignItems": "center",
            "flexDirection": "row",
            "gap": 10,
            "marginBottom": 8,
          }
        }
      >
        <View
          style={
            {
              "width": 32,
            }
          }
        />
        <View
          style={
            {
              "width": 10,
            }
          }
        />
        <Text
          style={
            {
              "color": "#8A9099",
              "flex": 1,
              "fontSize": 13,
              "fontWeight": "400",
              "letterSpacing": 0.5,
              "textTransform": "uppercase",
            }
          }
        >
          Exercise
        </Text>
        <Text
          style={
            {
              "color": "#8A9099",
              "fontSize": 13,
              "fontWeight": "400",
              "letterSpacing": 0.5,
              "textAlign": "center",
              "textTransform": "uppercase",
              "width": 104,
            }
          }
        >
          Sets
        </Text>
        <View
          style={
            {
              "width": 36,
            }
          }
        />
      </View>
      <View
        collapsable={false}
        style={
          {
            "alignItems": "center",
            "borderBottomColor": "#1E2125",
            "borderBottomWidth": 1,
            "flexDirection": "row",
            "gap": 10,
            "height": 68,
            "transform": [
              {
                "translateY": 0,
              },
            ],
          }
        }
      >
        <View
          accessibilityLabel="Reorder Bench Press"
          hitSlop={6}
          onMoveShouldSetResponder={[Function]}
          onMoveShouldSetResponderCapture={[Function]}
          onResponderEnd={[Function]}
          onResponderGrant={[Function]}
          onResponderMove={[Function]}
          onResponderReject={[Function]}
          onResponderRelease={[Function]}
          onResponderStart={[Function]}
          onResponderTerminate={[Function]}
          onResponderTerminationRequest={[Function]}
          onStartShouldSetResponder={[Function]}
          onStartShouldSetResponderCapture={[Function]}
          style={
            {
              "alignItems": "center",
              "justifyContent": "center",
              "width": 32,
            }
          }
        >
          <Text
            style={
              {
                "color": "#6B7076",
                "fontSize": 18,
              }
            }
          >
            ≡
          </Text>
        </View>
        <View
          style={
            [
              {
                "borderRadius": 5,
                "height": 10,
                "width": 10,
              },
              {
                "backgroundColor": "#F0A537",
              },
            ]
          }
        />
        <View
          style={
            {
              "flex": 1,
            }
          }
        >
          <Text
            numberOfLines={1}
            style={
              {
                "color": "#F5F5F4",
                "fontSize": 17,
                "fontWeight": "400",
              }
            }
          >
            Bench Press
          </Text>
          <Text
            numberOfLines={1}
            style={
              {
                "color": "#6B7076",
                "fontSize": 12,
                "marginTop": 2,
              }
            }
          >
            Chest
          </Text>
        </View>
        <View
          style={
            {
              "alignItems": "center",
              "flexDirection": "row",
              "gap": 8,
            }
          }
        >
          <View
            accessibilityLabel="Decrease Bench Press sets"
            accessibilityRole="button"
            accessibilityState={
              {
                "busy": undefined,
                "checked": undefined,
                "disabled": false,
                "expanded": undefined,
                "selected": undefined,
              }
            }
            accessibilityValue={
              {
                "max": undefined,
                "min": undefined,
                "now": undefined,
                "text": undefined,
              }
            }
            accessible={true}
            collapsable={false}
            focusable={true}
            hitSlop={6}
            onBlur={[Function]}
            onClick={[Function]}
            onFocus={[Function]}
            onResponderGrant={[Function]}
            onResponderMove={[Function]}
            onResponderRelease={[Function]}
            onResponderTerminate={[Function]}
            onResponderTerminationRequest={[Function]}
            onStartShouldSetResponder={[Function]}
            style={
              [
                {
                  "alignItems": "center",
                  "backgroundColor": "#2C3036",
                  "borderRadius": 16,
                  "height": 32,
                  "justifyContent": "center",
                  "width": 32,
                },
                false,
                false,
              ]
            }
          >
            <Text
              style={
                [
                  {
                    "color": "#F5F5F4",
                    "fontSize": 17,
                    "fontWeight": "400",
                  },
                  false,
                ]
              }
            >
              −
            </Text>
          </View>
          <View>
            <Text
              style={
                {
                  "color": "#F5F5F4",
                  "fontSize": 17,
                  "fontWeight": "400",
                  "textAlign": "center",
                }
              }
            >
              3
            </Text>
          </View>
          <View
            accessibilityLabel="Increase Bench Press sets"
            accessibilityRole="button"
            accessibilityState={
              {
                "busy": undefined,
                "checked": undefined,
                "disabled": false,
                "expanded": undefined,
                "selected": undefined,
              }
            }
            accessibilityValue={
              {
                "max": undefined,
                "min": undefined,
                "now": undefined,
                "text": undefined,
              }
            }
            accessible={true}
            collapsable={false}
            focusable={true}
            hitSlop={6}
            onBlur={[Function]}
            onClick={[Function]}
            onFocus={[Function]}
            onResponderGrant={[Function]}
            onResponderMove={[Function]}
            onResponderRelease={[Function]}
            onResponderTerminate={[Function]}
            onResponderTerminationRequest={[Function]}
            onStartShouldSetResponder={[Function]}
            style={
              [
                {
                  "alignItems": "center",
                  "backgroundColor": "#2C3036",
                  "borderRadius": 16,
                  "height": 32,
                  "justifyContent": "center",
                  "width": 32,
                },
                false,
                false,
              ]
            }
          >
            <Text
              style={
                [
                  {
                    "color": "#F5F5F4",
                    "fontSize": 17,
                    "fontWeight": "400",
                  },
                  false,
                ]
              }
            >
              +
            </Text>
          </View>
        </View>
        <View
          accessibilityLabel="Remove Bench Press"
          accessibilityRole="button"
          accessibilityState={
            {
              "busy": undefined,
              "checked": undefined,
              "disabled": false,
              "expanded": undefined,
              "selected": undefined,
            }
          }
          accessibilityValue={
            {
              "max": undefined,
              "min": undefined,
              "now": undefined,
              "text": undefined,
            }
          }
          accessible={true}
          collapsable={false}
          focusable={true}
          hitSlop={4}
          onBlur={[Function]}
          onClick={[Function]}
          onFocus={[Function]}
          onResponderGrant={[Function]}
          onResponderMove={[Function]}
          onResponderRelease={[Function]}
          onResponderTerminate={[Function]}
          onResponderTerminationRequest={[Function]}
          onStartShouldSetResponder={[Function]}
          style={
            [
              {
                "alignItems": "center",
                "borderRadius": 18,
                "height": 36,
                "justifyContent": "center",
                "width": 36,
              },
              {
                "backgroundColor": "#1A1C1F",
              },
              false,
              false,
            ]
          }
        >
          <Text
            style={
              {
                "color": "#6B7076",
                "fontSize": 18,
              }
            }
          >
            ✕
          </Text>
        </View>
      </View>
      <View
        accessibilityLabel="Add exercise"
        accessibilityRole="button"
        accessibilityState={
          {
            "busy": undefined,
            "checked": undefined,
            "disabled": undefined,
            "expanded": undefined,
            "selected": undefined,
          }
        }
        accessibilityValue={
          {
            "max": undefined,
            "min": undefined,
            "now": undefined,
            "text": undefined,
          }
        }
        accessible={true}
        collapsable={false}
        focusable={true}
        onBlur={[Function]}
        onClick={[Function]}
        onFocus={[Function]}
        onResponderGrant={[Function]}
        onResponderMove={[Function]}
        onResponderRelease={[Function]}
        onResponderTerminate={[Function]}
        onResponderTerminationRequest={[Function]}
        onStartShouldSetResponder={[Function]}
        style={
          {
            "alignItems": "center",
            "flexDirection": "row",
            "gap": 12,
            "paddingVertical": 14,
          }
        }
      >
        <View
          style={
            {
              "alignItems": "center",
              "backgroundColor": "#232B0A",
              "borderRadius": 14,
              "height": 28,
              "justifyContent": "center",
              "width": 28,
            }
          }
        >
          <Text
            style={
              {
                "color": "#CDFF57",
                "fontSize": 16,
              }
            }
          >
            +
          </Text>
        </View>
        <Text
          style={
            {
              "color": "#CDFF57",
              "fontSize": 17,
              "fontWeight": "400",
            }
          }
        >
          Add exercise
        </Text>
      </View>
    </View>
  </RCTScrollView>,
]
`;
